Event: PAPI_TOT_CYC: 5136569770 on Cpu: 1
Event: PAPI_TOT_CYC: 256600853 on Cpu: 1
Event: PAPI_TOT_CYC: -448868284 on Cpu: 1
Event: PAPI_TOT_CYC: 4335555865 on Cpu: 1
Event: PAPI_TOT_CYC: 4119960123 on Cpu: 1
Event: PAPI_TOT_CYC: 3815273139 on Cpu: 1
Event: PAPI_TOT_CYC: 2852863272 on Cpu: 1
Event: PAPI_TOT_CYC: 661981106 on Cpu: 1
Event: PAPI_TOT_CYC: 206816750 on Cpu: 1
Event: PAPI_TOT_CYC: -4072113376 on Cpu: 1
Event: PAPI_TOT_CYC: -4342545481 on Cpu: 1
Event: PAPI_TOT_CYC: 105137331 on Cpu: 1
Event: PAPI_TOT_CYC: 255393220 on Cpu: 1
Event: PAPI_TOT_CYC: -5051057426 on Cpu: 1
Event: PAPI_TOT_CYC: -5155951812 on Cpu: 1
Event: PAPI_TOT_CYC: -752236145 on Cpu: 1
Event: PAPI_TOT_CYC: -889739529 on Cpu: 1
